---
source: metrics-cache/src/section/pvc.rs
expression: "KubePvcVolumesV1::from_claim_names(&metric_tables, \"really-cool-namespace\",\n[\"pvc-1\", \"pvc-2\"])"
---
{
  "volumes": {
    "pvc-1": {
      "capacity": 1073741824.0,
      "free": 536870912.0,
      "persistent_volume_claim": "pvc-1",
      "namespace": "really-cool-namespace"
    },
    "pvc-2": {
      "capacity": 1073741824.0,
      "free": 268435456.0,
      "persistent_volume_claim": "pvc-2",
      "namespace": "really-cool-namespace"
    }
  }
}
